|Name|Id|Nested|
|-|-|-|
|Name 1|1|{"ChildId":2}|
|Name 2|2|{"ChildId":3}|
|Name 3|3|{"ChildId":4}|